// Jest Snapshot v1, https://goo.gl/fbAQLP

exports[`testing the entire App 1`] = `
<div
  className="App"
>
  Hello World!
</div>
`;
